
> frontend@0.0.0 build
> vite build

[36mvite v8.0.0 [32mbuilding client environment for production...[36m[39m
[2K
transforming...Γ£ô 1841 modules transformed.
rendering chunks...
node.exe : 
[31mΓ£ù[39m Build 
failed in 542ms
At line:1 char:1
+ & "C:\Program 
Files\nodejs/node.exe" 
"C:\Program 
Files\nodejs/node_mo ...
+ ~~~~~~~~~~~~~~~~~~~~~~
~~~~~~~~~~~~~~~~~~~~~~~~
~~~~~~~~~~~~~~~~~~~~~~~
    + CategoryInfo      
        : NotSpecified: 
(    [31mΓ£ù[39m 
Build fa    iled in 
542ms:String)     [], 
RemoteException
    + 
FullyQualifiedError    
Id : NativeCommandErr   
 or
 
[31merror during build:
[31mBuild failed with 
1 error:

[31m[MISSING_EXPORT] 
Error:[0m "Basecamp" 
is not exported by "node
_modules/lucide-react/di
st/esm/lucide-react.js".
    [38;5;246mΓò¡[0m[
38;5;246mΓöÇ[0m[38;5;2
46m[[0m 
src/App.jsx:13:48 
[38;5;246m][0m
    [38;5;246mΓöé[0m
 [38;5;246m13 Γöé[0m 
[38;5;249mi[0m[38;5;24
9mm[0m[38;5;249mp[0m
[38;5;249mo[0m[38;5;24
9mr[0m[38;5;249mt[0m
[38;5;249m [0m[38;5;24
9m{[0m[38;5;249m [0m
[38;5;249mM[0m[38;5;24
9me[0m[38;5;249mn[0m
[38;5;249mu[0m[38;5;24
9m,[0m[38;5;249m [0m
[38;5;249mL[0m[38;5;24
9ma[0m[38;5;249my[0m
[38;5;249me[0m[38;5;24
9mr[0m[38;5;249ms[0m
[38;5;249m,[0m[38;5;24
9m [0m[38;5;249mS[0m
[38;5;249me[0m[38;5;24
9mt[0m[38;5;249mt[0m
[38;5;249mi[0m[38;5;24
9mn[0m[38;5;249mg[0m
[38;5;249ms[0m[38;5;24
9m,[0m[38;5;249m [0m
[38;5;249mF[0m[38;5;24
9ml[0m[38;5;249ma[0m
[38;5;249mm[0m[38;5;24
9me[0m[38;5;249m,[0m
[38;5;249m [0m[38;5;24
9mU[0m[38;5;249ms[0m
[38;5;249me[0m[38;5;24
9mr[0m[38;5;249ms[0m
[38;5;249m,[0m[38;5;24
9m [0mBasecamp[38;5;24
9m,[0m[38;5;249m [0m
[38;5;249mA[0m[38;5;24
9mc[0m[38;5;249mt[0m
[38;5;249mi[0m[38;5;24
9mv[0m[38;5;249mi[0m
[38;5;249mt[0m[38;5;24
9my[0m[38;5;249m,[0m
[38;5;249m [0m[38;5;24
9mB[0m[38;5;249mu[0m
[38;5;249mg[0m[38;5;24
9m,[0m[38;5;249m [0m
[38;5;249mQ[0m[38;5;24
9mr[0m[38;5;249mC[0m
[38;5;249mo[0m[38;5;24
9md[0m[38;5;249me[0m
[38;5;249m,[0m[38;5;24
9m [0m[38;5;249mC[0m
[38;5;249mr[0m[38;5;24
9mo[0m[38;5;249ms[0m
[38;5;249ms[0m[38;5;24
9mh[0m[38;5;249ma[0m
[38;5;249mi[0m[38;5;24
9mr[0m[38;5;249m,[0m
[38;5;249m [0m[38;5;24
9mW[0m[38;5;249mr[0m
[38;5;249me[0m[38;5;24
9mn[0m[38;5;249mc[0m
[38;5;249mh[0m[38;5;24
9m,[0m[38;5;249m [0m
[38;5;249mF[0m[38;5;24
9mo[0m[38;5;249mc[0m
[38;5;249mu[0m[38;5;24
9ms[0m[38;5;249m [0m
[38;5;249m}[0m[38;5;24
9m [0m[38;5;249mf[0m
[38;5;249mr[0m[38;5;24
9mo[0m[38;5;249mm[0m
[38;5;249m [0m[38;5;24
9m"[0m[38;5;249ml[0m
[38;5;249mu[0m[38;5;24
9mc[0m[38;5;249mi[0m
[38;5;249md[0m[38;5;24
9me[0m[38;5;249m-[0m
[38;5;249mr[0m[38;5;24
9me[0m[38;5;249ma[0m
[38;5;249mc[0m[38;5;24
9mt[0m[38;5;249m"[0m
[38;5;249m;[0m
 [38;5;240m   Γöé[0m  
                        
                      Γö
ÇΓöÇΓöÇΓöÇΓö¼ΓöÇΓöÇΓöÇ  
 [38;5;240m   Γöé[0m  
                        
                        
  Γò░ΓöÇΓöÇΓöÇΓöÇΓöÇ 
Missing export
[38;5;246mΓöÇΓöÇΓöÇΓöÇΓ
ò»[0m
[31m
    at aggregateBindingE
rrorsIntoJsError (file:/
//C:/Users/ACER/Desktop/
Project/Vajra/frontend/n
ode_modules/rolldown/dis
t/shared/error-CP8smW_P.
mjs:48:18)
    at 
unwrapBindingResult (fil
e:///C:/Users/ACER/Deskt
op/Project/Vajra/fronten
d/node_modules/rolldown/
dist/shared/error-CP8smW
_P.mjs:18:128)
    at #build (file:///C
:/Users/ACER/Desktop/Pro
ject/Vajra/frontend/node
_modules/rolldown/dist/s
hared/rolldown-build-4Yn
QkA76.mjs:3311:34)
    at async 
buildEnvironment (file:/
//C:/Users/ACER/Desktop/
Project/Vajra/frontend/n
ode_modules/vite/dist/no
de/chunks/node.js:32794:
64)
    at async 
Object.build (file:///C:
/Users/ACER/Desktop/Proj
ect/Vajra/frontend/node_
modules/vite/dist/node/c
hunks/node.js:33216:19)
    at async 
Object.buildApp (file://
/C:/Users/ACER/Desktop/P
roject/Vajra/frontend/no
de_modules/vite/dist/nod
e/chunks/node.js:33213:1
53)
    at async 
CAC.<anonymous> (file://
/C:/Users/ACER/Desktop/P
roject/Vajra/frontend/no
de_modules/vite/dist/nod
e/cli.js:778:3) {
  errors: 
[Getter/Setter]
}[39m
